
*** Running vivado
    with args -log top.vdi -applog -m64 -product Vivado -messageDb vivado.pb -mode batch -source top.tcl -notrace


****** Vivado v2018.2 (64-bit)
  **** SW Build 2258646 on Thu Jun 14 20:03:12 MDT 2018
  **** IP Build 2256618 on Thu Jun 14 22:10:49 MDT 2018
    ** Copyright 1986-2018 Xilinx, Inc. All Rights Reserved.

source top.tcl -notrace
Command: link_design -top top -part xc7a35tcpg236-1
Design is defaulting to srcset: sources_1
Design is defaulting to constrset: constrs_1
INFO: [Project 1-454] Reading design checkpoint 'd:/FPGA_PROJECTS/audio_visualiser/audio_visualiser.srcs/sources_1/ip/xfft_0/xfft_0.dcp' for cell 'fft_engine/forward_fft'
INFO: [Project 1-454] Reading design checkpoint 'd:/FPGA_PROJECTS/audio_visualiser/audio_visualiser.srcs/sources_1/ip/xfft_1/xfft_1.dcp' for cell 'fft_engine/inverse_fft'
INFO: [Netlist 29-17] Analyzing 4163 Unisim elements for replacement
INFO: [Netlist 29-28] Unisim Transformation completed in 0 CPU seconds
INFO: [Project 1-479] Netlist was created with Vivado 2018.2
INFO: [Device 21-403] Loading part xc7a35tcpg236-1
INFO: [Project 1-570] Preparing netlist for logic optimization
Parsing XDC File [C:/Users/siddh/AppData/Local/Temp/18e9697a-e410-41bd-bcb0-c47dba33b903_fpga_audio_visualiser--edit.zip.903/fpga_audio_visualiser--edit/fpga_audio_visualiser/fpga_audio_visualiser.srcs/constrs_1/new/basys3_constraints.xdc]
Finished Parsing XDC File [C:/Users/siddh/AppData/Local/Temp/18e9697a-e410-41bd-bcb0-c47dba33b903_fpga_audio_visualiser--edit.zip.903/fpga_audio_visualiser--edit/fpga_audio_visualiser/fpga_audio_visualiser.srcs/constrs_1/new/basys3_constraints.xdc]
Sourcing Tcl File [D:/Vivado/2018.2/data/ip/xpm/xpm_fifo/tcl/xpm_fifo_rst.tcl] for cell 'output_dac/u_bridge/u_fifo/xpm_fifo_base_inst'
Finished Sourcing Tcl File [D:/Vivado/2018.2/data/ip/xpm/xpm_fifo/tcl/xpm_fifo_rst.tcl] for cell 'output_dac/u_bridge/u_fifo/xpm_fifo_base_inst'
INFO: [Opt 31-138] Pushed 0 inverter(s) to 0 load pin(s).
INFO: [Project 1-111] Unisim Transformation Summary:
  A total of 120 instances were transformed.
  RAM256X1S => RAM256X1S (MUXF7, MUXF7, MUXF8, RAMS64E, RAMS64E, RAMS64E, RAMS64E): 32 instances
  RAM64M => RAM64M (RAMD64E, RAMD64E, RAMD64E, RAMD64E): 20 instances
  RAM64X1D => RAM64X1D (RAMD64E, RAMD64E): 4 instances
  RAM64X1S => RAM64X1S (RAMS64E): 64 instances

9 Infos, 0 Warnings, 0 Critical Warnings and 0 Errors encountered.
link_design completed successfully
link_design: Time (s): cpu = 00:00:14 ; elapsed = 00:00:17 . Memory (MB): peak = 729.734 ; gain = 453.047
Command: opt_design
Attempting to get a license for feature 'Implementation' and/or device 'xc7a35t'
INFO: [Common 17-349] Got license for feature 'Implementation' and/or device 'xc7a35t'
Running DRC as a precondition to command opt_design

Starting DRC Task
INFO: [DRC 23-27] Running DRC with 2 threads
INFO: [Project 1-461] DRC finished with 0 Errors
INFO: [Project 1-462] Please refer to the DRC report (report_drc) for more information.

Time (s): cpu = 00:00:02 ; elapsed = 00:00:01 . Memory (MB): peak = 729.734 ; gain = 0.000

Starting Cache Timing Information Task
INFO: [Timing 38-35] Done setting XDC timing constraints.
Ending Cache Timing Information Task | Checksum: 235e717e4

Time (s): cpu = 00:00:11 ; elapsed = 00:00:13 . Memory (MB): peak = 1298.465 ; gain = 568.602

Starting Logic Optimization Task

Phase 1 Retarget
INFO: [Opt 31-138] Pushed 3 inverter(s) to 42 load pin(s).
INFO: [Opt 31-49] Retargeted 0 cell(s).
Phase 1 Retarget | Checksum: 210768eb1

Time (s): cpu = 00:00:03 ; elapsed = 00:00:03 . Memory (MB): peak = 1298.465 ; gain = 0.000
INFO: [Opt 31-389] Phase Retarget created 0 cells and removed 0 cells

Phase 2 Constant propagation
INFO: [Opt 31-138] Pushed 0 inverter(s) to 0 load pin(s).
Phase 2 Constant propagation | Checksum: 1bf71bb90

Time (s): cpu = 00:00:03 ; elapsed = 00:00:04 . Memory (MB): peak = 1298.465 ; gain = 0.000
INFO: [Opt 31-389] Phase Constant propagation created 100 cells and removed 340 cells

Phase 3 Sweep
Phase 3 Sweep | Checksum: 1c3552057

Time (s): cpu = 00:00:05 ; elapsed = 00:00:05 . Memory (MB): peak = 1298.465 ; gain = 0.000
INFO: [Opt 31-389] Phase Sweep created 0 cells and removed 394 cells

Phase 4 BUFG optimization
Phase 4 BUFG optimization | Checksum: 1c3552057

Time (s): cpu = 00:00:06 ; elapsed = 00:00:07 . Memory (MB): peak = 1298.465 ; gain = 0.000
INFO: [Opt 31-662] Phase BUFG optimization created 0 cells of which 0 are BUFGs and removed 0 cells.

Phase 5 Shift Register Optimization
Phase 5 Shift Register Optimization | Checksum: 219bfb657

Time (s): cpu = 00:00:09 ; elapsed = 00:00:10 . Memory (MB): peak = 1298.465 ; gain = 0.000
INFO: [Opt 31-389] Phase Shift Register Optimization created 2 cells and removed 6 cells

Phase 6 Post Processing Netlist
Phase 6 Post Processing Netlist | Checksum: 2404d04d9

Time (s): cpu = 00:00:09 ; elapsed = 00:00:10 . Memory (MB): peak = 1298.465 ; gain = 0.000
INFO: [Opt 31-389] Phase Post Processing Netlist created 0 cells and removed 0 cells

Starting Connectivity Check Task

Time (s): cpu = 00:00:00 ; elapsed = 00:00:00.073 . Memory (MB): peak = 1298.465 ; gain = 0.000
Ending Logic Optimization Task | Checksum: 1e886f616

Time (s): cpu = 00:00:09 ; elapsed = 00:00:10 . Memory (MB): peak = 1298.465 ; gain = 0.000

Starting Power Optimization Task
INFO: [Pwropt 34-132] Skipping clock gating for clocks with a period < 2.00 ns.
INFO: [Pwropt 34-9] Applying IDT optimizations ...
INFO: [Pwropt 34-10] Applying ODC optimizations ...
INFO: [Timing 38-35] Done setting XDC timing constraints.
INFO: [Physopt 32-619] Estimated Timing Summary | WNS=-7.271 | TNS=-59.755 |
Running Vector-less Activity Propagation...

Finished Running Vector-less Activity Propagation


Starting PowerOpt Patch Enables Task
INFO: [Pwropt 34-162] WRITE_MODE attribute of 0 BRAM(s) out of a total of 10 has been updated to save power. Run report_power_opt to get a complete listing of the BRAMs updated.
INFO: [Pwropt 34-201] Structural ODC has moved 0 WE to EN ports
Number of BRAM Ports augmented: 8 newly gated: 0 Total Ports: 20
Ending PowerOpt Patch Enables Task | Checksum: 19f6a82f4

Time (s): cpu = 00:00:00 ; elapsed = 00:00:00.161 . Memory (MB): peak = 1712.195 ; gain = 0.000
Ending Power Optimization Task | Checksum: 19f6a82f4

Time (s): cpu = 00:00:16 ; elapsed = 00:00:12 . Memory (MB): peak = 1712.195 ; gain = 413.730

Starting Final Cleanup Task

Starting Logic Optimization Task
INFO: [Timing 38-35] Done setting XDC timing constraints.
Ending Logic Optimization Task | Checksum: 19c629ceb

Time (s): cpu = 00:00:04 ; elapsed = 00:00:04 . Memory (MB): peak = 1712.195 ; gain = 0.000
Ending Final Cleanup Task | Checksum: 19c629ceb

Time (s): cpu = 00:00:04 ; elapsed = 00:00:04 . Memory (MB): peak = 1712.195 ; gain = 0.000
INFO: [Common 17-83] Releasing license: Implementation
32 Infos, 0 Warnings, 0 Critical Warnings and 0 Errors encountered.
opt_design completed successfully
opt_design: Time (s): cpu = 00:00:42 ; elapsed = 00:00:40 . Memory (MB): peak = 1712.195 ; gain = 982.461
INFO: [Timing 38-480] Writing timing data to binary archive.
Writing placer database...
Writing XDEF routing.
Writing XDEF routing logical nets.
Writing XDEF routing special nets.
Write XDEF Complete: Time (s): cpu = 00:00:01 ; elapsed = 00:00:00.052 . Memory (MB): peak = 1712.195 ; gain = 0.000
INFO: [Common 17-1381] The checkpoint 'D:/FPGA_PROJECTS/audio_visualiser/audio_visualiser.runs/impl_1/top_opt.dcp' has been generated.
write_checkpoint: Time (s): cpu = 00:00:09 ; elapsed = 00:00:07 . Memory (MB): peak = 1712.195 ; gain = 0.000
INFO: [runtcl-4] Executing : report_drc -file top_drc_opted.rpt -pb top_drc_opted.pb -rpx top_drc_opted.rpx
Command: report_drc -file top_drc_opted.rpt -pb top_drc_opted.pb -rpx top_drc_opted.rpx
INFO: [DRC 23-27] Running DRC with 2 threads
INFO: [Coretcl 2-168] The results of DRC are in file D:/FPGA_PROJECTS/audio_visualiser/audio_visualiser.runs/impl_1/top_drc_opted.rpt.
report_drc completed successfully
Command: place_design
Attempting to get a license for feature 'Implementation' and/or device 'xc7a35t'
INFO: [Common 17-349] Got license for feature 'Implementation' and/or device 'xc7a35t'
INFO: [DRC 23-27] Running DRC with 2 threads
INFO: [Vivado_Tcl 4-198] DRC finished with 0 Errors
INFO: [Vivado_Tcl 4-199] Please refer to the DRC report (report_drc) for more information.
Running DRC as a precondition to command place_design
INFO: [DRC 23-27] Running DRC with 2 threads
INFO: [Vivado_Tcl 4-198] DRC finished with 0 Errors
INFO: [Vivado_Tcl 4-199] Please refer to the DRC report (report_drc) for more information.

Starting Placer Task
INFO: [Place 30-611] Multithreading enabled for place_design using a maximum of 2 CPUs

Phase 1 Placer Initialization

Phase 1.1 Placer Initialization Netlist Sorting
Netlist sorting complete. Time (s): cpu = 00:00:00 ; elapsed = 00:00:00.054 . Memory (MB): peak = 1712.195 ; gain = 0.000
Phase 1.1 Placer Initialization Netlist Sorting | Checksum: 1527b78f3

Time (s): cpu = 00:00:00 ; elapsed = 00:00:00.072 . Memory (MB): peak = 1712.195 ; gain = 0.000
INFO: [Timing 38-35] Done setting XDC timing constraints.
INFO: [Opt 31-138] Pushed 0 inverter(s) to 0 load pin(s).
Netlist sorting complete. Time (s): cpu = 00:00:00 ; elapsed = 00:00:00.056 . Memory (MB): peak = 1712.195 ; gain = 0.000

Phase 1.2 IO Placement/ Clock Placement/ Build Placer Device
INFO: [Timing 38-35] Done setting XDC timing constraints.
Phase 1.2 IO Placement/ Clock Placement/ Build Placer Device | Checksum: 125ab26fc

Time (s): cpu = 00:00:12 ; elapsed = 00:00:10 . Memory (MB): peak = 1712.195 ; gain = 0.000

Phase 1.3 Build Placer Netlist Model
Phase 1.3 Build Placer Netlist Model | Checksum: 198fbceac

Time (s): cpu = 00:00:18 ; elapsed = 00:00:17 . Memory (MB): peak = 1712.195 ; gain = 0.000

Phase 1.4 Constrain Clocks/Macros
Phase 1.4 Constrain Clocks/Macros | Checksum: 198fbceac

Time (s): cpu = 00:00:19 ; elapsed = 00:00:17 . Memory (MB): peak = 1712.195 ; gain = 0.000
Phase 1 Placer Initialization | Checksum: 198fbceac

Time (s): cpu = 00:00:19 ; elapsed = 00:00:17 . Memory (MB): peak = 1712.195 ; gain = 0.000

Phase 2 Global Placement

Phase 2.1 Floorplanning
Phase 2.1 Floorplanning | Checksum: 18717c2c0

Time (s): cpu = 00:00:20 ; elapsed = 00:00:19 . Memory (MB): peak = 1712.195 ; gain = 0.000

Phase 2.2 Physical Synthesis In Placer
INFO: [Physopt 32-65] No nets found for high-fanout optimization.
INFO: [Physopt 32-232] Optimized 0 net. Created 0 new instance.
INFO: [Physopt 32-775] End 1 Pass. Optimized 0 net or cell. Created 0 new cell, deleted 0 existing cell and moved 0 existing cell
Netlist sorting complete. Time (s): cpu = 00:00:00 ; elapsed = 00:00:00.060 . Memory (MB): peak = 1712.195 ; gain = 0.000

Summary of Physical Synthesis Optimizations
============================================


-----------------------------------------------------------------------------------------------------------------------------
|  Optimization       |  Added Cells  |  Removed Cells  |  Optimized Cells/Nets  |  Dont Touch  |  Iterations  |  Elapsed   |
-----------------------------------------------------------------------------------------------------------------------------
|  Very High Fanout   |            0  |              0  |                     0  |           0  |           1  |  00:00:00  |
|  Total              |            0  |              0  |                     0  |           0  |           1  |  00:00:00  |
-----------------------------------------------------------------------------------------------------------------------------


Phase 2.2 Physical Synthesis In Placer | Checksum: 1a3185899

Time (s): cpu = 00:00:36 ; elapsed = 00:00:36 . Memory (MB): peak = 1712.195 ; gain = 0.000
Phase 2 Global Placement | Checksum: 20efc5c6c

Time (s): cpu = 00:00:37 ; elapsed = 00:00:36 . Memory (MB): peak = 1712.195 ; gain = 0.000

Phase 3 Detail Placement

Phase 3.1 Commit Multi Column Macros
Phase 3.1 Commit Multi Column Macros | Checksum: 20efc5c6c

Time (s): cpu = 00:00:37 ; elapsed = 00:00:37 . Memory (MB): peak = 1712.195 ; gain = 0.000

Phase 3.2 Commit Most Macros & LUTRAMs
Phase 3.2 Commit Most Macros & LUTRAMs | Checksum: 261d30feb

Time (s): cpu = 00:00:41 ; elapsed = 00:00:42 . Memory (MB): peak = 1712.195 ; gain = 0.000

Phase 3.3 Area Swap Optimization
Phase 3.3 Area Swap Optimization | Checksum: 281342e39

Time (s): cpu = 00:00:41 ; elapsed = 00:00:42 . Memory (MB): peak = 1712.195 ; gain = 0.000

Phase 3.4 Pipeline Register Optimization
Phase 3.4 Pipeline Register Optimization | Checksum: 23d1bb665

Time (s): cpu = 00:00:42 ; elapsed = 00:00:42 . Memory (MB): peak = 1712.195 ; gain = 0.000

Phase 3.5 Timing Path Optimizer
Phase 3.5 Timing Path Optimizer | Checksum: 23d1bb665

Time (s): cpu = 00:00:42 ; elapsed = 00:00:42 . Memory (MB): peak = 1712.195 ; gain = 0.000

Phase 3.6 Fast Optimization
Phase 3.6 Fast Optimization | Checksum: 1d86809c5

Time (s): cpu = 00:00:42 ; elapsed = 00:00:44 . Memory (MB): peak = 1712.195 ; gain = 0.000

Phase 3.7 Small Shape Detail Placement
Phase 3.7 Small Shape Detail Placement | Checksum: 1c65eb9a7

Time (s): cpu = 00:00:47 ; elapsed = 00:00:50 . Memory (MB): peak = 1712.195 ; gain = 0.000

Phase 3.8 Re-assign LUT pins
Phase 3.8 Re-assign LUT pins | Checksum: d64f931b

Time (s): cpu = 00:00:48 ; elapsed = 00:00:51 . Memory (MB): peak = 1712.195 ; gain = 0.000

Phase 3.9 Pipeline Register Optimization
Phase 3.9 Pipeline Register Optimization | Checksum: 134449984

Time (s): cpu = 00:00:48 ; elapsed = 00:00:51 . Memory (MB): peak = 1712.195 ; gain = 0.000

Phase 3.10 Fast Optimization
Phase 3.10 Fast Optimization | Checksum: 1e454d7e9

Time (s): cpu = 00:00:51 ; elapsed = 00:00:56 . Memory (MB): peak = 1712.195 ; gain = 0.000
Phase 3 Detail Placement | Checksum: 1e454d7e9

Time (s): cpu = 00:00:51 ; elapsed = 00:00:56 . Memory (MB): peak = 1712.195 ; gain = 0.000

Phase 4 Post Placement Optimization and Clean-Up

Phase 4.1 Post Commit Optimization
INFO: [Timing 38-35] Done setting XDC timing constraints.

Phase 4.1.1 Post Placement Optimization
Post Placement Optimization Initialization | Checksum: 10e052b26

Phase 4.1.1.1 BUFG Insertion
INFO: [Place 46-33] Processed net fft_engine/inverse_fft/U0/i_synth/axi_wrapper/ce_w2c, BUFG insertion was skipped due to placement/routing conflicts.
INFO: [Place 46-33] Processed net fft_engine/forward_fft/U0/i_synth/axi_wrapper/ce_w2c, BUFG insertion was skipped due to placement/routing conflicts.
INFO: [Place 46-31] BUFG insertion identified 2 candidate nets, 0 success, 2 skipped for placement/routing, 0 skipped for timing, 0 skipped for netlist change reason.
Phase 4.1.1.1 BUFG Insertion | Checksum: 10e052b26

Time (s): cpu = 00:00:55 ; elapsed = 00:01:03 . Memory (MB): peak = 1712.195 ; gain = 0.000
INFO: [Place 30-746] Post Placement Timing Summary WNS=-5.369. For the most accurate timing information please run report_timing.
Phase 4.1.1 Post Placement Optimization | Checksum: 19640b045

Time (s): cpu = 00:00:59 ; elapsed = 00:01:14 . Memory (MB): peak = 1712.195 ; gain = 0.000
Phase 4.1 Post Commit Optimization | Checksum: 19640b045

Time (s): cpu = 00:00:59 ; elapsed = 00:01:14 . Memory (MB): peak = 1712.195 ; gain = 0.000

Phase 4.2 Post Placement Cleanup
Phase 4.2 Post Placement Cleanup | Checksum: 19640b045

Time (s): cpu = 00:00:59 ; elapsed = 00:01:14 . Memory (MB): peak = 1712.195 ; gain = 0.000

Phase 4.3 Placer Reporting
Phase 4.3 Placer Reporting | Checksum: 19640b045

Time (s): cpu = 00:00:59 ; elapsed = 00:01:14 . Memory (MB): peak = 1712.195 ; gain = 0.000

Phase 4.4 Final Placement Cleanup
Phase 4.4 Final Placement Cleanup | Checksum: 118e6660f

Time (s): cpu = 00:01:00 ; elapsed = 00:01:15 . Memory (MB): peak = 1712.195 ; gain = 0.000
Phase 4 Post Placement Optimization and Clean-Up | Checksum: 118e6660f

Time (s): cpu = 00:01:00 ; elapsed = 00:01:15 . Memory (MB): peak = 1712.195 ; gain = 0.000
Ending Placer Task | Checksum: 86055efa

Time (s): cpu = 00:01:00 ; elapsed = 00:01:15 . Memory (MB): peak = 1712.195 ; gain = 0.000
INFO: [Common 17-83] Releasing license: Implementation
57 Infos, 0 Warnings, 0 Critical Warnings and 0 Errors encountered.
place_design completed successfully
place_design: Time (s): cpu = 00:01:03 ; elapsed = 00:01:17 . Memory (MB): peak = 1712.195 ; gain = 0.000
INFO: [Timing 38-480] Writing timing data to binary archive.
Writing placer database...
Writing XDEF routing.
Writing XDEF routing logical nets.
Writing XDEF routing special nets.
Write XDEF Complete: Time (s): cpu = 00:00:07 ; elapsed = 00:00:03 . Memory (MB): peak = 1712.195 ; gain = 0.000
INFO: [Common 17-1381] The checkpoint 'D:/FPGA_PROJECTS/audio_visualiser/audio_visualiser.runs/impl_1/top_placed.dcp' has been generated.
write_checkpoint: Time (s): cpu = 00:00:12 ; elapsed = 00:00:08 . Memory (MB): peak = 1712.195 ; gain = 0.000
INFO: [runtcl-4] Executing : report_io -file top_io_placed.rpt
report_io: Time (s): cpu = 00:00:00 ; elapsed = 00:00:00.050 . Memory (MB): peak = 1712.195 ; gain = 0.000
INFO: [runtcl-4] Executing : report_utilization -file top_utilization_placed.rpt -pb top_utilization_placed.pb
report_utilization: Time (s): cpu = 00:00:01 ; elapsed = 00:00:00.362 . Memory (MB): peak = 1712.195 ; gain = 0.000
INFO: [runtcl-4] Executing : report_control_sets -verbose -file top_control_sets_placed.rpt
report_control_sets: Time (s): cpu = 00:00:00 ; elapsed = 00:00:00.163 . Memory (MB): peak = 1712.195 ; gain = 0.000
Command: route_design
Attempting to get a license for feature 'Implementation' and/or device 'xc7a35t'
INFO: [Common 17-349] Got license for feature 'Implementation' and/or device 'xc7a35t'
Running DRC as a precondition to command route_design
INFO: [DRC 23-27] Running DRC with 2 threads
INFO: [Vivado_Tcl 4-198] DRC finished with 0 Errors
INFO: [Vivado_Tcl 4-199] Please refer to the DRC report (report_drc) for more information.


Starting Routing Task
INFO: [Route 35-254] Multithreading enabled for route_design using a maximum of 2 CPUs
Checksum: PlaceDB: 82519013 ConstDB: 0 ShapeSum: 3b3cee7 RouteDB: 0

Phase 1 Build RT Design
Phase 1 Build RT Design | Checksum: 19f32511b

Time (s): cpu = 00:00:25 ; elapsed = 00:00:21 . Memory (MB): peak = 1712.195 ; gain = 0.000
Post Restoration Checksum: NetGraph: cd0a19e7 NumContArr: d2283734 Constraints: 0 Timing: 0

Phase 2 Router Initialization

Phase 2.1 Create Timer
Phase 2.1 Create Timer | Checksum: 19f32511b

Time (s): cpu = 00:00:26 ; elapsed = 00:00:22 . Memory (MB): peak = 1712.195 ; gain = 0.000

Phase 2.2 Fix Topology Constraints
Phase 2.2 Fix Topology Constraints | Checksum: 19f32511b

Time (s): cpu = 00:00:26 ; elapsed = 00:00:22 . Memory (MB): peak = 1712.195 ; gain = 0.000

Phase 2.3 Pre Route Cleanup
Phase 2.3 Pre Route Cleanup | Checksum: 19f32511b

Time (s): cpu = 00:00:26 ; elapsed = 00:00:22 . Memory (MB): peak = 1712.195 ; gain = 0.000
 Number of Nodes with overlaps = 0

Phase 2.4 Update Timing
Phase 2.4 Update Timing | Checksum: 1b650c96a

Time (s): cpu = 00:00:33 ; elapsed = 00:00:30 . Memory (MB): peak = 1712.195 ; gain = 0.000
INFO: [Route 35-416] Intermediate Timing Summary | WNS=-5.073 | TNS=-46.774| WHS=-0.339 | THS=-307.457|

Phase 2 Router Initialization | Checksum: bffd9196

Time (s): cpu = 00:00:36 ; elapsed = 00:00:33 . Memory (MB): peak = 1724.539 ; gain = 12.344

Phase 3 Initial Routing
Phase 3 Initial Routing | Checksum: 1942bbb62

Time (s): cpu = 00:00:40 ; elapsed = 00:00:36 . Memory (MB): peak = 1724.539 ; gain = 12.344

Phase 4 Rip-up And Reroute

Phase 4.1 Global Iteration 0
 Number of Nodes with overlaps = 1674
 Number of Nodes with overlaps = 136
 Number of Nodes with overlaps = 37
 Number of Nodes with overlaps = 6
 Number of Nodes with overlaps = 2
 Number of Nodes with overlaps = 0
INFO: [Route 35-416] Intermediate Timing Summary | WNS=-6.843 | TNS=-3065.094| WHS=N/A    | THS=N/A    |

Phase 4.1 Global Iteration 0 | Checksum: f0b64ac8

Time (s): cpu = 00:00:56 ; elapsed = 00:00:47 . Memory (MB): peak = 1724.539 ; gain = 12.344

Phase 4.2 Global Iteration 1
 Number of Nodes with overlaps = 73
 Number of Nodes with overlaps = 34
 Number of Nodes with overlaps = 27
 Number of Nodes with overlaps = 7
 Number of Nodes with overlaps = 2
 Number of Nodes with overlaps = 0
INFO: [Route 35-416] Intermediate Timing Summary | WNS=-6.714 | TNS=-1855.748| WHS=N/A    | THS=N/A    |

Phase 4.2 Global Iteration 1 | Checksum: 1ae14ad0c

Time (s): cpu = 00:01:03 ; elapsed = 00:00:53 . Memory (MB): peak = 1724.539 ; gain = 12.344

Phase 4.3 Global Iteration 2
 Number of Nodes with overlaps = 112
 Number of Nodes with overlaps = 45
 Number of Nodes with overlaps = 23
 Number of Nodes with overlaps = 3
 Number of Nodes with overlaps = 1
 Number of Nodes with overlaps = 0
INFO: [Route 35-416] Intermediate Timing Summary | WNS=-7.253 | TNS=-1840.076| WHS=N/A    | THS=N/A    |

Phase 4.3 Global Iteration 2 | Checksum: 14e409658

Time (s): cpu = 00:01:08 ; elapsed = 00:00:57 . Memory (MB): peak = 1724.539 ; gain = 12.344
Phase 4 Rip-up And Reroute | Checksum: 14e409658

Time (s): cpu = 00:01:08 ; elapsed = 00:00:57 . Memory (MB): peak = 1724.539 ; gain = 12.344

Phase 5 Delay and Skew Optimization

Phase 5.1 Delay CleanUp

Phase 5.1.1 Update Timing
Phase 5.1.1 Update Timing | Checksum: 136efc47f

Time (s): cpu = 00:01:09 ; elapsed = 00:00:58 . Memory (MB): peak = 1724.539 ; gain = 12.344
INFO: [Route 35-416] Intermediate Timing Summary | WNS=-6.635 | TNS=-1837.024| WHS=N/A    | THS=N/A    |

 Number of Nodes with overlaps = 0
Phase 5.1 Delay CleanUp | Checksum: 192083dcc

Time (s): cpu = 00:01:36 ; elapsed = 00:01:13 . Memory (MB): peak = 1741.066 ; gain = 28.871

Phase 5.2 Clock Skew Optimization
Phase 5.2 Clock Skew Optimization | Checksum: 192083dcc

Time (s): cpu = 00:01:36 ; elapsed = 00:01:13 . Memory (MB): peak = 1741.066 ; gain = 28.871
Phase 5 Delay and Skew Optimization | Checksum: 192083dcc

Time (s): cpu = 00:01:36 ; elapsed = 00:01:13 . Memory (MB): peak = 1741.066 ; gain = 28.871

Phase 6 Post Hold Fix

Phase 6.1 Hold Fix Iter

Phase 6.1.1 Update Timing
Phase 6.1.1 Update Timing | Checksum: 107d8ffb3

Time (s): cpu = 00:01:37 ; elapsed = 00:01:14 . Memory (MB): peak = 1741.066 ; gain = 28.871
INFO: [Route 35-416] Intermediate Timing Summary | WNS=-6.554 | TNS=-1422.705| WHS=0.008  | THS=0.000  |

Phase 6.1 Hold Fix Iter | Checksum: 1429fd2e5

Time (s): cpu = 00:01:37 ; elapsed = 00:01:14 . Memory (MB): peak = 1741.066 ; gain = 28.871
Phase 6 Post Hold Fix | Checksum: 1429fd2e5

Time (s): cpu = 00:01:37 ; elapsed = 00:01:14 . Memory (MB): peak = 1741.066 ; gain = 28.871

Phase 7 Route finalize

Router Utilization Summary
  Global Vertical Routing Utilization    = 11.2593 %
  Global Horizontal Routing Utilization  = 12.8106 %
  Routable Net Status*
  *Does not include unroutable nets such as driverless and loadless.
  Run report_route_status for detailed report.
  Number of Failed Nets               = 0
  Number of Unrouted Nets             = 0
  Number of Partially Routed Nets     = 0
  Number of Node Overlaps             = 0

Congestion Report
North Dir 1x1 Area, Max Cong = 69.3694%, No Congested Regions.
South Dir 1x1 Area, Max Cong = 78.3784%, No Congested Regions.
East Dir 1x1 Area, Max Cong = 64.7059%, No Congested Regions.
West Dir 1x1 Area, Max Cong = 69.1176%, No Congested Regions.

------------------------------
Reporting congestion hotspots
------------------------------
Direction: North
----------------
Congested clusters found at Level 0
Effective congestion level: 0 Aspect Ratio: 1 Sparse Ratio: 0
Direction: South
----------------
Congested clusters found at Level 0
Effective congestion level: 0 Aspect Ratio: 1 Sparse Ratio: 0
Direction: East
----------------
Congested clusters found at Level 0
Effective congestion level: 0 Aspect Ratio: 1 Sparse Ratio: 0
Direction: West
----------------
Congested clusters found at Level 0
Effective congestion level: 0 Aspect Ratio: 1 Sparse Ratio: 0

Phase 7 Route finalize | Checksum: 1c15b2ee6

Time (s): cpu = 00:01:38 ; elapsed = 00:01:14 . Memory (MB): peak = 1741.066 ; gain = 28.871

Phase 8 Verifying routed nets

 Verification completed successfully
Phase 8 Verifying routed nets | Checksum: 1c15b2ee6

Time (s): cpu = 00:01:38 ; elapsed = 00:01:14 . Memory (MB): peak = 1741.066 ; gain = 28.871

Phase 9 Depositing Routes
Phase 9 Depositing Routes | Checksum: 22e3aac8e

Time (s): cpu = 00:01:40 ; elapsed = 00:01:17 . Memory (MB): peak = 1741.066 ; gain = 28.871

Phase 10 Post Router Timing
INFO: [Route 35-57] Estimated Timing Summary | WNS=-6.554 | TNS=-1422.705| WHS=0.008  | THS=0.000  |

WARNING: [Route 35-328] Router estimated timing not met.
Resolution: For a complete and accurate timing signoff, report_timing_summary must be run after route_design. Alternatively, route_design can be run with the -timing_summary option to enable a complete timing signoff at the end of route_design.
Phase 10 Post Router Timing | Checksum: 22e3aac8e

Time (s): cpu = 00:01:40 ; elapsed = 00:01:17 . Memory (MB): peak = 1741.066 ; gain = 28.871
INFO: [Route 35-16] Router Completed Successfully

Time (s): cpu = 00:01:40 ; elapsed = 00:01:17 . Memory (MB): peak = 1741.066 ; gain = 28.871

Routing Is Done.
INFO: [Common 17-83] Releasing license: Implementation
76 Infos, 1 Warnings, 0 Critical Warnings and 0 Errors encountered.
route_design completed successfully
route_design: Time (s): cpu = 00:01:44 ; elapsed = 00:01:20 . Memory (MB): peak = 1741.066 ; gain = 28.871
INFO: [Timing 38-480] Writing timing data to binary archive.
Writing placer database...
Writing XDEF routing.
Writing XDEF routing logical nets.
Writing XDEF routing special nets.
Write XDEF Complete: Time (s): cpu = 00:00:08 ; elapsed = 00:00:04 . Memory (MB): peak = 1741.066 ; gain = 0.000
INFO: [Common 17-1381] The checkpoint 'D:/FPGA_PROJECTS/audio_visualiser/audio_visualiser.runs/impl_1/top_routed.dcp' has been generated.
write_checkpoint: Time (s): cpu = 00:00:14 ; elapsed = 00:00:09 . Memory (MB): peak = 1741.066 ; gain = 0.000
INFO: [runtcl-4] Executing : report_drc -file top_drc_routed.rpt -pb top_drc_routed.pb -rpx top_drc_routed.rpx
Command: report_drc -file top_drc_routed.rpt -pb top_drc_routed.pb -rpx top_drc_routed.rpx
INFO: [DRC 23-27] Running DRC with 2 threads
INFO: [Coretcl 2-168] The results of DRC are in file D:/FPGA_PROJECTS/audio_visualiser/audio_visualiser.runs/impl_1/top_drc_routed.rpt.
report_drc completed successfully
report_drc: Time (s): cpu = 00:00:09 ; elapsed = 00:00:05 . Memory (MB): peak = 1741.066 ; gain = 0.000
INFO: [runtcl-4] Executing : report_methodology -file top_methodology_drc_routed.rpt -pb top_methodology_drc_routed.pb -rpx top_methodology_drc_routed.rpx
Command: report_methodology -file top_methodology_drc_routed.rpt -pb top_methodology_drc_routed.pb -rpx top_methodology_drc_routed.rpx
INFO: [Timing 38-35] Done setting XDC timing constraints.
INFO: [Timing 38-35] Done setting XDC timing constraints.
INFO: [DRC 23-133] Running Methodology with 2 threads
INFO: [Coretcl 2-1520] The results of Report Methodology are in file D:/FPGA_PROJECTS/audio_visualiser/audio_visualiser.runs/impl_1/top_methodology_drc_routed.rpt.
report_methodology completed successfully
report_methodology: Time (s): cpu = 00:00:12 ; elapsed = 00:00:11 . Memory (MB): peak = 1787.250 ; gain = 46.184
INFO: [runtcl-4] Executing : report_power -file top_power_routed.rpt -pb top_power_summary_routed.pb -rpx top_power_routed.rpx
Command: report_power -file top_power_routed.rpt -pb top_power_summary_routed.pb -rpx top_power_routed.rpx
INFO: [Timing 38-35] Done setting XDC timing constraints.
Running Vector-less Activity Propagation...

Finished Running Vector-less Activity Propagation
88 Infos, 1 Warnings, 0 Critical Warnings and 0 Errors encountered.
report_power completed successfully
report_power: Time (s): cpu = 00:00:13 ; elapsed = 00:00:09 . Memory (MB): peak = 1834.934 ; gain = 47.684
INFO: [runtcl-4] Executing : report_route_status -file top_route_status.rpt -pb top_route_status.pb
INFO: [runtcl-4] Executing : report_timing_summary -max_paths 10 -file top_timing_summary_routed.rpt -pb top_timing_summary_routed.pb -rpx top_timing_summary_routed.rpx -warn_on_violation 
INFO: [Timing 38-91] UpdateTimingParams: Speed grade: -1, Delay Type: min_max, Timing Stage: Requireds.
INFO: [Timing 38-191] Multithreading enabled for timing update using a maximum of 2 CPUs
CRITICAL WARNING: [Timing 38-282] The design failed to meet the timing requirements. Please see the timing summary report for details on the timing violations.
INFO: [runtcl-4] Executing : report_incremental_reuse -file top_incremental_reuse_routed.rpt
INFO: [Vivado_Tcl 4-545] No incremental reuse to report, no incremental placement and routing data was found.
INFO: [runtcl-4] Executing : report_clock_utilization -file top_clock_utilization_routed.rpt
INFO: [runtcl-4] Executing : report_bus_skew -warn_on_violation -file top_bus_skew_routed.rpt -pb top_bus_skew_routed.pb -rpx top_bus_skew_routed.rpx
INFO: [Timing 38-91] UpdateTimingParams: Speed grade: -1, Delay Type: min_max, Timing Stage: Requireds.
INFO: [Timing 38-191] Multithreading enabled for timing update using a maximum of 2 CPUs
Command: write_bitstream -force top.bit
Attempting to get a license for feature 'Implementation' and/or device 'xc7a35t'
INFO: [Common 17-349] Got license for feature 'Implementation' and/or device 'xc7a35t'
Running DRC as a precondition to command write_bitstream
INFO: [DRC 23-27] Running DRC with 2 threads
WARNING: [DRC DPIP-1] Input pipelining: DSP input_mic/u_map/prod input input_mic/u_map/prod/A[29:0] is not pipelined. Pipelining DSP48 input will improve performance.
WARNING: [DRC DPIP-1] Input pipelining: DSP output_dac/u_dc_l/sample_out4 input output_dac/u_dc_l/sample_out4/A[29:0] is not pipelined. Pipelining DSP48 input will improve performance.
WARNING: [DRC DPIP-1] Input pipelining: DSP output_dac/u_ramp_l/sample_out3 input output_dac/u_ramp_l/sample_out3/A[29:0] is not pipelined. Pipelining DSP48 input will improve performance.
WARNING: [DRC DPOP-1] PREG Output pipelining: DSP input_mic/u_map/prod output input_mic/u_map/prod/P[47:0] is not pipelined (PREG=0). Pipelining the DSP48 output will improve performance and often saves power so it is suggested whenever possible to fully pipeline this function.  If this DSP48 function was inferred, it is suggested to describe an additional register stage after this function.  If the DSP48 was instantiated in the design, it is suggested to set the PREG attribute to 1.
WARNING: [DRC DPOP-1] PREG Output pipelining: DSP output_dac/u_dc_l/sample_out4 output output_dac/u_dc_l/sample_out4/P[47:0] is not pipelined (PREG=0). Pipelining the DSP48 output will improve performance and often saves power so it is suggested whenever possible to fully pipeline this function.  If this DSP48 function was inferred, it is suggested to describe an additional register stage after this function.  If the DSP48 was instantiated in the design, it is suggested to set the PREG attribute to 1.
WARNING: [DRC DPOP-1] PREG Output pipelining: DSP output_dac/u_ramp_l/sample_out3 output output_dac/u_ramp_l/sample_out3/P[47:0] is not pipelined (PREG=0). Pipelining the DSP48 output will improve performance and often saves power so it is suggested whenever possible to fully pipeline this function.  If this DSP48 function was inferred, it is suggested to describe an additional register stage after this function.  If the DSP48 was instantiated in the design, it is suggested to set the PREG attribute to 1.
WARNING: [DRC DPOP-2] MREG Output pipelining: DSP input_mic/u_map/prod multiplier stage input_mic/u_map/prod/P[47:0] is not pipelined (MREG=0). Pipelining the multiplier function will improve performance and will save significant power so it is suggested whenever possible to fully pipeline this function.  If this multiplier was inferred, it is suggested to describe an additional register stage after this function.  If there is no registered adder/accumulator following the multiply function, two pipeline stages are suggested to allow both the MREG and PREG registers to be used.  If the DSP48 was instantiated in the design, it is suggested to set both the MREG and PREG attributes to 1 when performing multiply functions.
WARNING: [DRC DPOP-2] MREG Output pipelining: DSP output_dac/u_dc_l/sample_out4 multiplier stage output_dac/u_dc_l/sample_out4/P[47:0] is not pipelined (MREG=0). Pipelining the multiplier function will improve performance and will save significant power so it is suggested whenever possible to fully pipeline this function.  If this multiplier was inferred, it is suggested to describe an additional register stage after this function.  If there is no registered adder/accumulator following the multiply function, two pipeline stages are suggested to allow both the MREG and PREG registers to be used.  If the DSP48 was instantiated in the design, it is suggested to set both the MREG and PREG attributes to 1 when performing multiply functions.
WARNING: [DRC DPOP-2] MREG Output pipelining: DSP output_dac/u_ramp_l/sample_out3 multiplier stage output_dac/u_ramp_l/sample_out3/P[47:0] is not pipelined (MREG=0). Pipelining the multiplier function will improve performance and will save significant power so it is suggested whenever possible to fully pipeline this function.  If this multiplier was inferred, it is suggested to describe an additional register stage after this function.  If there is no registered adder/accumulator following the multiply function, two pipeline stages are suggested to allow both the MREG and PREG registers to be used.  If the DSP48 was instantiated in the design, it is suggested to set both the MREG and PREG attributes to 1 when performing multiply functions.
WARNING: [DRC RTSTAT-10] No routable loads: 12 net(s) have no routable loads. The problem bus(es) and/or net(s) are output_dac/u_da2/r_u12[11:0].
INFO: [DRC REQP-165] writefirst: Synchronous clocking is detected for BRAM (fft_engine/forward_fft/U0/i_synth/xfft_inst/non_floating_point.arch_d.xfft_inst/has_bit_reverse.dig_rev_mem/blk_ram.use_bram_only.mem/depths_3to9.ram_loop[0].use_RAMB18.SDP_RAMB18E1_36x512) in SDP mode with WRITE_FIRST write-mode. This is the preferred mode for best power characteristics, however it may exhibit address collisions if the same address appears on both read and write ports resulting in unknown or corrupted read data. It is suggested to confirm via simulation that an address collision never occurs and if so it is suggested to try and avoid this situation. If address collisions cannot be avoided, the write-mode may be set to READ_FIRST which guarantees that the read data is the prior contents of the memory at the cost of additional power in the design. See the FPGA Memory Resources User Guide for additional information.
INFO: [DRC REQP-165] writefirst: Synchronous clocking is detected for BRAM (fft_engine/forward_fft/U0/i_synth/xfft_inst/non_floating_point.arch_d.xfft_inst/has_bit_reverse.dig_rev_mem/blk_ram.use_bram_only.mem/depths_3to9.ram_loop[1].use_RAMB18.SDP_RAMB18E1_36x512) in SDP mode with WRITE_FIRST write-mode. This is the preferred mode for best power characteristics, however it may exhibit address collisions if the same address appears on both read and write ports resulting in unknown or corrupted read data. It is suggested to confirm via simulation that an address collision never occurs and if so it is suggested to try and avoid this situation. If address collisions cannot be avoided, the write-mode may be set to READ_FIRST which guarantees that the read data is the prior contents of the memory at the cost of additional power in the design. See the FPGA Memory Resources User Guide for additional information.
INFO: [DRC REQP-165] writefirst: Synchronous clocking is detected for BRAM (fft_engine/forward_fft/U0/i_synth/xfft_inst/non_floating_point.arch_d.xfft_inst/pe_gen[0].natural_order_input.PE/FB_1.BF_1/MEM/blk_ram.use_bram_only.mem/depths_3to9.ram_loop[0].use_RAMB18.SDP_RAMB18E1_36x512) in SDP mode with WRITE_FIRST write-mode. This is the preferred mode for best power characteristics, however it may exhibit address collisions if the same address appears on both read and write ports resulting in unknown or corrupted read data. It is suggested to confirm via simulation that an address collision never occurs and if so it is suggested to try and avoid this situation. If address collisions cannot be avoided, the write-mode may be set to READ_FIRST which guarantees that the read data is the prior contents of the memory at the cost of additional power in the design. See the FPGA Memory Resources User Guide for additional information.
INFO: [DRC REQP-165] writefirst: Synchronous clocking is detected for BRAM (fft_engine/inverse_fft/U0/i_synth/xfft_inst/non_floating_point.arch_d.xfft_inst/has_bit_reverse.dig_rev_mem/blk_ram.use_bram_only.mem/depths_3to9.ram_loop[0].use_RAMB18.SDP_RAMB18E1_36x512) in SDP mode with WRITE_FIRST write-mode. This is the preferred mode for best power characteristics, however it may exhibit address collisions if the same address appears on both read and write ports resulting in unknown or corrupted read data. It is suggested to confirm via simulation that an address collision never occurs and if so it is suggested to try and avoid this situation. If address collisions cannot be avoided, the write-mode may be set to READ_FIRST which guarantees that the read data is the prior contents of the memory at the cost of additional power in the design. See the FPGA Memory Resources User Guide for additional information.
INFO: [DRC REQP-165] writefirst: Synchronous clocking is detected for BRAM (fft_engine/inverse_fft/U0/i_synth/xfft_inst/non_floating_point.arch_d.xfft_inst/has_bit_reverse.dig_rev_mem/blk_ram.use_bram_only.mem/depths_3to9.ram_loop[1].use_RAMB18.SDP_RAMB18E1_36x512) in SDP mode with WRITE_FIRST write-mode. This is the preferred mode for best power characteristics, however it may exhibit address collisions if the same address appears on both read and write ports resulting in unknown or corrupted read data. It is suggested to confirm via simulation that an address collision never occurs and if so it is suggested to try and avoid this situation. If address collisions cannot be avoided, the write-mode may be set to READ_FIRST which guarantees that the read data is the prior contents of the memory at the cost of additional power in the design. See the FPGA Memory Resources User Guide for additional information.
INFO: [DRC REQP-165] writefirst: Synchronous clocking is detected for BRAM (fft_engine/inverse_fft/U0/i_synth/xfft_inst/non_floating_point.arch_d.xfft_inst/pe_gen[0].natural_order_input.PE/FB_1.BF_1/MEM/blk_ram.use_bram_only.mem/depths_3to9.ram_loop[0].use_RAMB18.SDP_RAMB18E1_36x512) in SDP mode with WRITE_FIRST write-mode. This is the preferred mode for best power characteristics, however it may exhibit address collisions if the same address appears on both read and write ports resulting in unknown or corrupted read data. It is suggested to confirm via simulation that an address collision never occurs and if so it is suggested to try and avoid this situation. If address collisions cannot be avoided, the write-mode may be set to READ_FIRST which guarantees that the read data is the prior contents of the memory at the cost of additional power in the design. See the FPGA Memory Resources User Guide for additional information.
INFO: [Vivado 12-3199] DRC finished with 0 Errors, 10 Warnings, 6 Advisories
INFO: [Vivado 12-3200] Please refer to the DRC report (report_drc) for more information.
INFO: [Designutils 20-2272] Running write_bitstream with 2 threads.
Loading data files...
Loading site data...
Loading route data...
Processing options...
Creating bitmap...
Creating bitstream...
Bitstream compression saved 5251872 bits.
Writing bitstream ./top.bit...
INFO: [Vivado 12-1842] Bitgen Completed Successfully.
INFO: [Project 1-120] WebTalk data collection is mandatory when using a WebPACK part without a full Vivado license. To see the specific WebTalk data collected for your design, open the usage_statistics_webtalk.html or usage_statistics_webtalk.xml file in the implementation directory.
INFO: [Common 17-83] Releasing license: Implementation
112 Infos, 11 Warnings, 1 Critical Warnings and 0 Errors encountered.
write_bitstream completed successfully
write_bitstream: Time (s): cpu = 00:00:29 ; elapsed = 00:00:25 . Memory (MB): peak = 2258.730 ; gain = 418.777
INFO: [Common 17-206] Exiting Vivado at Thu Dec 18 20:26:02 2025...
