Copyright 1986-2018 Xilinx, Inc. All Rights Reserved.
------------------------------------------------------------------------------------
| Tool Version : Vivado v.2018.2 (win64) Build 2258646 Thu Jun 14 20:03:12 MDT 2018
| Date         : Mon Nov 10 02:23:36 2025
| Host         : Sid running 64-bit major release  (build 9200)
| Command      : report_control_sets -verbose -file top_control_sets_placed.rpt
| Design       : top
| Device       : xc7a35t
------------------------------------------------------------------------------------

Control Set Information

Table of Contents
-----------------
1. Summary
2. Histogram
3. Flip-Flop Distribution
4. Detailed Control Set Information

1. Summary
----------

+----------------------------------------------------------+-------+
|                          Status                          | Count |
+----------------------------------------------------------+-------+
| Number of unique control sets                            |   352 |
| Unused register locations in slices containing registers |  1186 |
+----------------------------------------------------------+-------+


2. Histogram
------------

+--------+--------------+
| Fanout | Control Sets |
+--------+--------------+
|      2 |           16 |
|      4 |            3 |
|      6 |            1 |
|      8 |            1 |
|     10 |            1 |
|     12 |          257 |
|    16+ |           73 |
+--------+--------------+


3. Flip-Flop Distribution
-------------------------

+--------------+-----------------------+------------------------+-----------------+--------------+
| Clock Enable | Synchronous Set/Reset | Asynchronous Set/Reset | Total Registers | Total Slices |
+--------------+-----------------------+------------------------+-----------------+--------------+
| No           | No                    | No                     |            3410 |          567 |
| No           | No                    | Yes                    |               0 |            0 |
| No           | Yes                   | No                     |             888 |          141 |
| Yes          | No                    | No                     |            5004 |          855 |
| Yes          | No                    | Yes                    |               0 |            0 |
| Yes          | Yes                   | No                     |             136 |           19 |
+--------------+-----------------------+------------------------+-----------------+--------------+


4. Detailed Control Set Information
-----------------------------------

+---------------------------+-------------------------------------------------------------------------------+------------------------------------------------------------------------+------------------+----------------+
|        Clock Signal       |                                 Enable Signal                                 |                            Set/Reset Signal                            | Slice Load Count | Bel Load Count |
+---------------------------+-------------------------------------------------------------------------------+------------------------------------------------------------------------+------------------+----------------+
|  clk_IBUF_BUFG            |                                                                               | sidu/u_peak/SR[0]                                                      |                1 |              2 |
|  clk_IBUF_BUFG            |                                                                               | sidu/u_peak/SR[8]                                                      |                1 |              2 |
|  clk_IBUF_BUFG            |                                                                               | sidu/u_peak/SR[13]                                                     |                1 |              2 |
|  clk_IBUF_BUFG            |                                                                               | sidu/u_peak/SR[5]                                                      |                1 |              2 |
|  clk_IBUF_BUFG            |                                                                               | sidu/u_peak/SR[11]                                                     |                1 |              2 |
|  clk_IBUF_BUFG            |                                                                               | sidu/u_peak/SR[2]                                                      |                1 |              2 |
|  clk_IBUF_BUFG            |                                                                               | sidu/u_peak/SR[6]                                                      |                1 |              2 |
|  clk_IBUF_BUFG            |                                                                               | sidu/u_peak/SR[10]                                                     |                1 |              2 |
|  clk_IBUF_BUFG            |                                                                               | sidu/u_peak/SR[14]                                                     |                1 |              2 |
|  clk_IBUF_BUFG            |                                                                               | sidu/u_peak/SR[9]                                                      |                1 |              2 |
|  clk_IBUF_BUFG            |                                                                               | sidu/u_peak/SR[12]                                                     |                1 |              2 |
|  clk_IBUF_BUFG            |                                                                               | sidu/u_peak/SR[1]                                                      |                1 |              2 |
|  clk_IBUF_BUFG            |                                                                               | sidu/u_peak/SR[3]                                                      |                1 |              2 |
|  clk_IBUF_BUFG            |                                                                               | sidu/u_peak/SR[15]                                                     |                1 |              2 |
|  clk_IBUF_BUFG            |                                                                               | sidu/u_peak/SR[7]                                                      |                1 |              2 |
|  clk_IBUF_BUFG            |                                                                               | sidu/u_peak/SR[4]                                                      |                1 |              2 |
|  clk_IBUF_BUFG            |                                                                               | manu/g_fifo.u_bridge/u_fifo/xpm_fifo_base_inst/xpm_fifo_rst_inst/Q[0]  |                1 |              4 |
|  clk_IBUF_BUFG            | manu/u_da2/u_spi/dina_i_1_n_0                                                 |                                                                        |                1 |              4 |
|  clk_IBUF_BUFG            | manu/u_da2/u_spi/busy_i_1_n_0                                                 |                                                                        |                1 |              4 |
|  clk_IBUF_BUFG            |                                                                               | manu/g_fifo.u_bridge/u_fifo/xpm_fifo_base_inst/xpm_fifo_rst_inst/rst_i |                1 |              6 |
| ~clk6p25mhz               |                                                                               |                                                                        |                4 |              8 |
|  clk_IBUF_BUFG            | adhavan/counter[5]_i_2_n_0                                                    |                                                                        |                3 |             10 |
|  clk_IBUF_BUFG            | rehaan/wave_reader/p_0_in[4079]                                               |                                                                        |                2 |             12 |
|  clk_IBUF_BUFG            | rehaan/wave_reader/p_0_in[1999]                                               |                                                                        |                1 |             12 |
|  clk_IBUF_BUFG            | rehaan/wave_reader/p_0_in[1631]                                               |                                                                        |                2 |             12 |
|  clk_IBUF_BUFG            | rehaan/wave_reader/p_0_in[2095]                                               |                                                                        |                1 |             12 |
|  clk_IBUF_BUFG            | rehaan/wave_reader/p_0_in[2479]                                               |                                                                        |                2 |             12 |
|  clk_IBUF_BUFG            | rehaan/wave_reader/p_0_in[2511]                                               |                                                                        |                2 |             12 |
|  clk_IBUF_BUFG            | rehaan/wave_reader/p_0_in[2271]                                               |                                                                        |                1 |             12 |
|  clk_IBUF_BUFG            | rehaan/wave_reader/p_0_in[2079]                                               |                                                                        |                1 |             12 |
|  clk_IBUF_BUFG            | rehaan/wave_reader/p_0_in[2495]                                               |                                                                        |                2 |             12 |
|  clk_IBUF_BUFG            | rehaan/wave_reader/p_0_in[2223]                                               |                                                                        |                2 |             12 |
|  clk_IBUF_BUFG            | rehaan/wave_reader/p_0_in[2335]                                               |                                                                        |                1 |             12 |
|  clk_IBUF_BUFG            | rehaan/wave_reader/p_0_in[2447]                                               |                                                                        |                3 |             12 |
|  clk_IBUF_BUFG            | rehaan/wave_reader/p_0_in[2527]                                               |                                                                        |                1 |             12 |
|  clk_IBUF_BUFG            | rehaan/wave_reader/p_0_in[2159]                                               |                                                                        |                1 |             12 |
|  clk_IBUF_BUFG            | rehaan/wave_reader/p_0_in[2207]                                               |                                                                        |                2 |             12 |
|  clk_IBUF_BUFG            | adhavan/counter[5]_i_2_n_0                                                    | adhavan/counter[5]_i_1_n_0                                             |                2 |             12 |
|  clk_IBUF_BUFG            | rehaan/wave_reader/p_0_in[2463]                                               |                                                                        |                3 |             12 |
|  clk_IBUF_BUFG            | rehaan/wave_reader/p_0_in[2543]                                               |                                                                        |                2 |             12 |
|  clk_IBUF_BUFG            | rehaan/wave_reader/p_0_in[2559]                                               |                                                                        |                2 |             12 |
|  clk_IBUF_BUFG            | rehaan/wave_reader/p_0_in[2287]                                               |                                                                        |                1 |             12 |
|  clk_IBUF_BUFG            | rehaan/wave_reader/p_0_in[2431]                                               |                                                                        |                2 |             12 |
|  clk_IBUF_BUFG            | rehaan/wave_reader/p_0_in[2143]                                               |                                                                        |                1 |             12 |
|  clk_IBUF_BUFG            | rehaan/wave_reader/p_0_in[2175]                                               |                                                                        |                4 |             12 |
|  clk_IBUF_BUFG            | rehaan/wave_reader/p_0_in[2063]                                               |                                                                        |                3 |             12 |
|  clk_IBUF_BUFG            | rehaan/wave_reader/p_0_in[2239]                                               |                                                                        |                2 |             12 |
|  clk_IBUF_BUFG            | rehaan/wave_reader/p_0_in[15]                                                 |                                                                        |                3 |             12 |
|  clk_IBUF_BUFG            | rehaan/wave_reader/p_0_in[2383]                                               |                                                                        |                2 |             12 |
|  clk_IBUF_BUFG            | rehaan/wave_reader/p_0_in[2303]                                               |                                                                        |                1 |             12 |
|  clk_IBUF_BUFG            | rehaan/wave_reader/p_0_in[2367]                                               |                                                                        |                2 |             12 |
|  clk_IBUF_BUFG            | rehaan/wave_reader/p_0_in[2399]                                               |                                                                        |                3 |             12 |
|  clk_IBUF_BUFG            | rehaan/wave_reader/p_0_in[2415]                                               |                                                                        |                2 |             12 |
|  clk_IBUF_BUFG            | rehaan/wave_reader/p_0_in[3679]                                               |                                                                        |                3 |             12 |
|  clk_IBUF_BUFG            | rehaan/wave_reader/p_0_in[3311]                                               |                                                                        |                2 |             12 |
|  clk_IBUF_BUFG            | rehaan/wave_reader/p_0_in[3519]                                               |                                                                        |                1 |             12 |
|  clk_IBUF_BUFG            | rehaan/wave_reader/p_0_in[3263]                                               |                                                                        |                3 |             12 |
|  clk_IBUF_BUFG            | rehaan/wave_reader/p_0_in[3695]                                               |                                                                        |                2 |             12 |
|  clk_IBUF_BUFG            | rehaan/wave_reader/p_0_in[3711]                                               |                                                                        |                1 |             12 |
|  clk_IBUF_BUFG            | rehaan/wave_reader/p_0_in[3599]                                               |                                                                        |                1 |             12 |
|  clk_IBUF_BUFG            | rehaan/wave_reader/p_0_in[3535]                                               |                                                                        |                1 |             12 |
|  clk_IBUF_BUFG            | rehaan/wave_reader/p_0_in[3727]                                               |                                                                        |                1 |             12 |
|  clk_IBUF_BUFG            | rehaan/wave_reader/p_0_in[3743]                                               |                                                                        |                2 |             12 |
|  clk_IBUF_BUFG            | rehaan/wave_reader/p_0_in[3247]                                               |                                                                        |                2 |             12 |
|  clk_IBUF_BUFG            | rehaan/wave_reader/p_0_in[3327]                                               |                                                                        |                1 |             12 |
|  clk_IBUF_BUFG            | rehaan/wave_reader/p_0_in[3359]                                               |                                                                        |                2 |             12 |
|  clk_IBUF_BUFG            | rehaan/wave_reader/p_0_in[3423]                                               |                                                                        |                2 |             12 |
|  clk_IBUF_BUFG            | rehaan/wave_reader/p_0_in[3583]                                               |                                                                        |                4 |             12 |
|  clk_IBUF_BUFG            | rehaan/wave_reader/p_0_in[3471]                                               |                                                                        |                3 |             12 |
|  clk_IBUF_BUFG            | rehaan/wave_reader/p_0_in[3647]                                               |                                                                        |                2 |             12 |
|  clk_IBUF_BUFG            | rehaan/wave_reader/p_0_in[3615]                                               |                                                                        |                1 |             12 |
|  clk_IBUF_BUFG            | rehaan/wave_reader/p_0_in[3407]                                               |                                                                        |                2 |             12 |
|  clk_IBUF_BUFG            | rehaan/wave_reader/p_0_in[3279]                                               |                                                                        |                3 |             12 |
|  clk_IBUF_BUFG            | rehaan/wave_reader/p_0_in[3439]                                               |                                                                        |                2 |             12 |
|  clk_IBUF_BUFG            | rehaan/wave_reader/p_0_in[3455]                                               |                                                                        |                2 |             12 |
|  clk_IBUF_BUFG            | rehaan/wave_reader/p_0_in[3343]                                               |                                                                        |                3 |             12 |
|  clk_IBUF_BUFG            | rehaan/wave_reader/p_0_in[3631]                                               |                                                                        |                2 |             12 |
|  clk_IBUF_BUFG            | rehaan/wave_reader/p_0_in[3375]                                               |                                                                        |                2 |             12 |
|  clk_IBUF_BUFG            | rehaan/wave_reader/p_0_in[3391]                                               |                                                                        |                2 |             12 |
|  clk_IBUF_BUFG            | rehaan/wave_reader/p_0_in[3503]                                               |                                                                        |                2 |             12 |
|  clk_IBUF_BUFG            | rehaan/wave_reader/p_0_in[3551]                                               |                                                                        |                1 |             12 |
|  clk_IBUF_BUFG            | rehaan/wave_reader/p_0_in[3295]                                               |                                                                        |                3 |             12 |
|  clk_IBUF_BUFG            | rehaan/wave_reader/p_0_in[3567]                                               |                                                                        |                2 |             12 |
|  clk_IBUF_BUFG            | rehaan/wave_reader/p_0_in[3487]                                               |                                                                        |                2 |             12 |
|  clk_IBUF_BUFG            | rehaan/wave_reader/p_0_in[3663]                                               |                                                                        |                2 |             12 |
|  clk_IBUF_BUFG            | rehaan/wave_reader/p_0_in[3919]                                               |                                                                        |                3 |             12 |
|  clk_IBUF_BUFG            | rehaan/wave_reader/p_0_in[3903]                                               |                                                                        |                3 |             12 |
|  clk_IBUF_BUFG            | rehaan/wave_reader/p_0_in[3887]                                               |                                                                        |                1 |             12 |
|  clk_IBUF_BUFG            | rehaan/wave_reader/p_0_in[3967]                                               |                                                                        |                1 |             12 |
|  clk_IBUF_BUFG            | rehaan/wave_reader/p_0_in[2351]                                               |                                                                        |                6 |             12 |
|  clk_IBUF_BUFG            | rehaan/wave_reader/p_0_in[3791]                                               |                                                                        |                1 |             12 |
|  clk_IBUF_BUFG            | rehaan/wave_reader/p_0_in[3983]                                               |                                                                        |                1 |             12 |
|  clk_IBUF_BUFG            | rehaan/wave_reader/p_0_in[3759]                                               |                                                                        |                2 |             12 |
|  clk_IBUF_BUFG            | rehaan/wave_reader/p_0_in[3935]                                               |                                                                        |                1 |             12 |
|  clk_IBUF_BUFG            | rehaan/wave_reader/p_0_in[4095]                                               |                                                                        |                1 |             12 |
|  clk_IBUF_BUFG            | rehaan/wave_reader/p_0_in[4031]                                               |                                                                        |                1 |             12 |
|  clk_IBUF_BUFG            | rehaan/wave_reader/p_0_in[3871]                                               |                                                                        |                1 |             12 |
|  clk_IBUF_BUFG            | rehaan/wave_reader/p_0_in[3775]                                               |                                                                        |                1 |             12 |
|  clk_IBUF_BUFG            | rehaan/wave_reader/p_0_in[3951]                                               |                                                                        |                1 |             12 |
|  clk_IBUF_BUFG            | rehaan/wave_reader/p_0_in[4063]                                               |                                                                        |                1 |             12 |
|  clk_IBUF_BUFG            | rehaan/wave_reader/p_0_in[3807]                                               |                                                                        |                1 |             12 |
|  clk_IBUF_BUFG            | rehaan/wave_reader/p_0_in[4015]                                               |                                                                        |                1 |             12 |
|  clk_IBUF_BUFG            | rehaan/wave_reader/p_0_in[3823]                                               |                                                                        |                1 |             12 |
|  clk_IBUF_BUFG            | rehaan/wave_reader/p_0_in[3839]                                               |                                                                        |                3 |             12 |
|  clk_IBUF_BUFG            | rehaan/wave_reader/p_0_in[3855]                                               |                                                                        |                4 |             12 |
|  clk_IBUF_BUFG            | rehaan/wave_reader/p_0_in[3999]                                               |                                                                        |                1 |             12 |
|  clk_IBUF_BUFG            | rehaan/wave_reader/p_0_in[4047]                                               |                                                                        |                1 |             12 |
|  clk_IBUF_BUFG            | rehaan/wave_reader/p_0_in[2191]                                               |                                                                        |                3 |             12 |
|  clk_IBUF_BUFG            | rehaan/wave_reader/p_0_in[2319]                                               |                                                                        |                2 |             12 |
|  clk_IBUF_BUFG            | rehaan/wave_reader/p_0_in[2255]                                               |                                                                        |                2 |             12 |
|  clk_IBUF_BUFG            | rehaan/wave_reader/p_0_in[2127]                                               |                                                                        |                1 |             12 |
|  clk_IBUF_BUFG            | rehaan/wave_reader/p_0_in[2703]                                               |                                                                        |                1 |             12 |
|  clk_IBUF_BUFG            | rehaan/wave_reader/p_0_in[2655]                                               |                                                                        |                2 |             12 |
|  clk_IBUF_BUFG            | rehaan/wave_reader/p_0_in[2719]                                               |                                                                        |                2 |             12 |
|  clk_IBUF_BUFG            | rehaan/wave_reader/p_0_in[2607]                                               |                                                                        |                3 |             12 |
|  clk_IBUF_BUFG            | rehaan/wave_reader/p_0_in[2623]                                               |                                                                        |                1 |             12 |
|  clk_IBUF_BUFG            | rehaan/wave_reader/p_0_in[2575]                                               |                                                                        |                3 |             12 |
|  clk_IBUF_BUFG            | rehaan/wave_reader/p_0_in[2671]                                               |                                                                        |                3 |             12 |
|  clk_IBUF_BUFG            | rehaan/wave_reader/p_0_in[2687]                                               |                                                                        |                2 |             12 |
|  clk_IBUF_BUFG            | rehaan/wave_reader/p_0_in[2735]                                               |                                                                        |                2 |             12 |
|  clk_IBUF_BUFG            | rehaan/wave_reader/p_0_in[2591]                                               |                                                                        |                3 |             12 |
|  clk_IBUF_BUFG            | rehaan/wave_reader/p_0_in[2639]                                               |                                                                        |                3 |             12 |
|  clk_IBUF_BUFG            | rehaan/wave_reader/p_0_in[3039]                                               |                                                                        |                1 |             12 |
|  clk_IBUF_BUFG            | rehaan/wave_reader/p_0_in[2911]                                               |                                                                        |                2 |             12 |
|  clk_IBUF_BUFG            | rehaan/wave_reader/p_0_in[3023]                                               |                                                                        |                1 |             12 |
|  clk_IBUF_BUFG            | rehaan/wave_reader/p_0_in[3135]                                               |                                                                        |                2 |             12 |
|  clk_IBUF_BUFG            | rehaan/wave_reader/p_0_in[3199]                                               |                                                                        |                2 |             12 |
|  clk_IBUF_BUFG            | rehaan/wave_reader/p_0_in[2975]                                               |                                                                        |                2 |             12 |
|  clk_IBUF_BUFG            | rehaan/wave_reader/p_0_in[3007]                                               |                                                                        |                2 |             12 |
|  clk_IBUF_BUFG            | rehaan/wave_reader/p_0_in[3087]                                               |                                                                        |                3 |             12 |
|  clk_IBUF_BUFG            | rehaan/wave_reader/p_0_in[3151]                                               |                                                                        |                1 |             12 |
|  clk_IBUF_BUFG            | rehaan/wave_reader/p_0_in[3215]                                               |                                                                        |                1 |             12 |
|  clk_IBUF_BUFG            | rehaan/wave_reader/p_0_in[2783]                                               |                                                                        |                1 |             12 |
|  clk_IBUF_BUFG            | rehaan/wave_reader/p_0_in[2927]                                               |                                                                        |                1 |             12 |
|  clk_IBUF_BUFG            | rehaan/wave_reader/p_0_in[3231]                                               |                                                                        |                1 |             12 |
|  clk_IBUF_BUFG            | rehaan/wave_reader/p_0_in[2863]                                               |                                                                        |                2 |             12 |
|  clk_IBUF_BUFG            | rehaan/wave_reader/p_0_in[2831]                                               |                                                                        |                1 |             12 |
|  clk_IBUF_BUFG            | rehaan/wave_reader/p_0_in[2767]                                               |                                                                        |                1 |             12 |
|  clk_IBUF_BUFG            | rehaan/wave_reader/p_0_in[2799]                                               |                                                                        |                2 |             12 |
|  clk_IBUF_BUFG            | rehaan/wave_reader/p_0_in[3055]                                               |                                                                        |                1 |             12 |
|  clk_IBUF_BUFG            | rehaan/wave_reader/p_0_in[2895]                                               |                                                                        |                1 |             12 |
|  clk_IBUF_BUFG            | rehaan/wave_reader/p_0_in[2751]                                               |                                                                        |                1 |             12 |
|  clk_IBUF_BUFG            | rehaan/wave_reader/p_0_in[2959]                                               |                                                                        |                1 |             12 |
|  clk_IBUF_BUFG            | rehaan/wave_reader/p_0_in[2847]                                               |                                                                        |                1 |             12 |
|  clk_IBUF_BUFG            | rehaan/wave_reader/p_0_in[2815]                                               |                                                                        |                1 |             12 |
|  clk_IBUF_BUFG            | rehaan/wave_reader/p_0_in[2879]                                               |                                                                        |                2 |             12 |
|  clk_IBUF_BUFG            | rehaan/wave_reader/p_0_in[2991]                                               |                                                                        |                2 |             12 |
|  clk_IBUF_BUFG            | rehaan/wave_reader/p_0_in[2943]                                               |                                                                        |                1 |             12 |
|  clk_IBUF_BUFG            | rehaan/wave_reader/p_0_in[3119]                                               |                                                                        |                3 |             12 |
|  clk_IBUF_BUFG            | rehaan/wave_reader/p_0_in[3071]                                               |                                                                        |                3 |             12 |
|  clk_IBUF_BUFG            | rehaan/wave_reader/p_0_in[3167]                                               |                                                                        |                2 |             12 |
|  clk_IBUF_BUFG            | rehaan/wave_reader/p_0_in[3103]                                               |                                                                        |                1 |             12 |
|  clk_IBUF_BUFG            | rehaan/wave_reader/p_0_in[3183]                                               |                                                                        |                1 |             12 |
|  clk_IBUF_BUFG            | rehaan/wave_reader/p_0_in[239]                                                |                                                                        |                1 |             12 |
|  clk_IBUF_BUFG            | rehaan/wave_reader/p_0_in[367]                                                |                                                                        |                2 |             12 |
|  clk_IBUF_BUFG            | rehaan/wave_reader/p_0_in[175]                                                |                                                                        |                1 |             12 |
|  clk_IBUF_BUFG            | rehaan/wave_reader/p_0_in[431]                                                |                                                                        |                1 |             12 |
|  clk_IBUF_BUFG            | rehaan/wave_reader/p_0_in[495]                                                |                                                                        |                1 |             12 |
|  clk_IBUF_BUFG            | rehaan/wave_reader/p_0_in[111]                                                |                                                                        |                1 |             12 |
|  clk_IBUF_BUFG            | rehaan/wave_reader/p_0_in[127]                                                |                                                                        |                3 |             12 |
|  clk_IBUF_BUFG            | rehaan/wave_reader/p_0_in[335]                                                |                                                                        |                4 |             12 |
|  clk_IBUF_BUFG            | rehaan/wave_reader/p_0_in[447]                                                |                                                                        |                3 |             12 |
|  clk_IBUF_BUFG            | rehaan/wave_reader/p_0_in[463]                                                |                                                                        |                1 |             12 |
|  clk_IBUF_BUFG            | rehaan/wave_reader/p_0_in[511]                                                |                                                                        |                1 |             12 |
|  clk_IBUF_BUFG            | rehaan/wave_reader/p_0_in[143]                                                |                                                                        |                3 |             12 |
|  clk_IBUF_BUFG            | rehaan/wave_reader/p_0_in[207]                                                |                                                                        |                1 |             12 |
|  clk_IBUF_BUFG            | rehaan/wave_reader/p_0_in[63]                                                 |                                                                        |                2 |             12 |
|  clk_IBUF_BUFG            | rehaan/wave_reader/p_0_in[271]                                                |                                                                        |                1 |             12 |
|  clk_IBUF_BUFG            | rehaan/wave_reader/p_0_in[351]                                                |                                                                        |                2 |             12 |
|  clk_IBUF_BUFG            | rehaan/wave_reader/p_0_in[95]                                                 |                                                                        |                3 |             12 |
|  clk_IBUF_BUFG            | rehaan/wave_reader/p_0_in[415]                                                |                                                                        |                2 |             12 |
|  clk_IBUF_BUFG            | rehaan/wave_reader/p_0_in[479]                                                |                                                                        |                1 |             12 |
|  clk_IBUF_BUFG            | rehaan/wave_reader/p_0_in[79]                                                 |                                                                        |                1 |             12 |
|  clk_IBUF_BUFG            | rehaan/wave_reader/p_0_in[223]                                                |                                                                        |                1 |             12 |
|  clk_IBUF_BUFG            | rehaan/wave_reader/p_0_in[47]                                                 |                                                                        |                1 |             12 |
|  clk_IBUF_BUFG            | rehaan/wave_reader/p_0_in[191]                                                |                                                                        |                2 |             12 |
|  clk_IBUF_BUFG            | rehaan/wave_reader/p_0_in[2111]                                               |                                                                        |                2 |             12 |
|  clk_IBUF_BUFG            | rehaan/wave_reader/p_0_in[303]                                                |                                                                        |                2 |             12 |
|  clk_IBUF_BUFG            | rehaan/wave_reader/p_0_in[287]                                                |                                                                        |                1 |             12 |
|  clk_IBUF_BUFG            | rehaan/wave_reader/p_0_in[319]                                                |                                                                        |                3 |             12 |
|  clk_IBUF_BUFG            | rehaan/wave_reader/p_0_in[31]                                                 |                                                                        |                1 |             12 |
|  clk_IBUF_BUFG            | rehaan/wave_reader/p_0_in[383]                                                |                                                                        |                2 |             12 |
|  clk_IBUF_BUFG            | rehaan/wave_reader/p_0_in[255]                                                |                                                                        |                1 |             12 |
|  clk_IBUF_BUFG            | rehaan/wave_reader/p_0_in[159]                                                |                                                                        |                2 |             12 |
|  clk_IBUF_BUFG            | rehaan/wave_reader/p_0_in[399]                                                |                                                                        |                2 |             12 |
|  clk_IBUF_BUFG            | rehaan/wave_reader/p_0_in[591]                                                |                                                                        |                2 |             12 |
|  clk_IBUF_BUFG            | rehaan/wave_reader/p_0_in[719]                                                |                                                                        |                1 |             12 |
|  clk_IBUF_BUFG            | rehaan/wave_reader/p_0_in[783]                                                |                                                                        |                1 |             12 |
|  clk_IBUF_BUFG            | rehaan/wave_reader/p_0_in[815]                                                |                                                                        |                1 |             12 |
|  clk_IBUF_BUFG            | rehaan/wave_reader/p_0_in[799]                                                |                                                                        |                1 |             12 |
|  clk_IBUF_BUFG            | rehaan/wave_reader/p_0_in[831]                                                |                                                                        |                3 |             12 |
|  clk_IBUF_BUFG            | rehaan/wave_reader/p_0_in[895]                                                |                                                                        |                1 |             12 |
|  clk_IBUF_BUFG            | rehaan/wave_reader/p_0_in[991]                                                |                                                                        |                1 |             12 |
|  clk_IBUF_BUFG            | rehaan/wave_reader/p_0_in[639]                                                |                                                                        |                3 |             12 |
|  clk_IBUF_BUFG            | rehaan/wave_reader/p_0_in[767]                                                |                                                                        |                3 |             12 |
|  clk_IBUF_BUFG            | rehaan/wave_reader/p_0_in[863]                                                |                                                                        |                2 |             12 |
|  clk_IBUF_BUFG            | rehaan/wave_reader/p_0_in[847]                                                |                                                                        |                2 |             12 |
|  clk_IBUF_BUFG            | rehaan/wave_reader/p_0_in[927]                                                |                                                                        |                1 |             12 |
|  clk_IBUF_BUFG            | rehaan/wave_reader/p_0_in[943]                                                |                                                                        |                2 |             12 |
|  clk_IBUF_BUFG            | rehaan/wave_reader/p_0_in[959]                                                |                                                                        |                3 |             12 |
|  clk_IBUF_BUFG            | rehaan/wave_reader/p_0_in[879]                                                |                                                                        |                2 |             12 |
|  clk_IBUF_BUFG            | rehaan/wave_reader/p_0_in[543]                                                |                                                                        |                2 |             12 |
|  clk_IBUF_BUFG            | rehaan/wave_reader/p_0_in[527]                                                |                                                                        |                2 |             12 |
|  clk_IBUF_BUFG            | rehaan/wave_reader/p_0_in[655]                                                |                                                                        |                2 |             12 |
|  clk_IBUF_BUFG            | rehaan/wave_reader/p_0_in[751]                                                |                                                                        |                1 |             12 |
|  clk_IBUF_BUFG            | rehaan/wave_reader/p_0_in[911]                                                |                                                                        |                1 |             12 |
|  clk_IBUF_BUFG            | rehaan/wave_reader/p_0_in[1007]                                               |                                                                        |                3 |             12 |
|  clk_IBUF_BUFG            | rehaan/wave_reader/p_0_in[623]                                                |                                                                        |                3 |             12 |
|  clk_IBUF_BUFG            | rehaan/wave_reader/p_0_in[1023]                                               |                                                                        |                1 |             12 |
|  clk_IBUF_BUFG            | rehaan/wave_reader/p_0_in[607]                                                |                                                                        |                1 |             12 |
|  clk_IBUF_BUFG            | rehaan/wave_reader/p_0_in[687]                                                |                                                                        |                1 |             12 |
|  clk_IBUF_BUFG            | rehaan/wave_reader/p_0_in[703]                                                |                                                                        |                2 |             12 |
|  clk_IBUF_BUFG            | rehaan/wave_reader/p_0_in[575]                                                |                                                                        |                1 |             12 |
|  clk_IBUF_BUFG            | rehaan/wave_reader/p_0_in[975]                                                |                                                                        |                2 |             12 |
|  clk_IBUF_BUFG            | rehaan/wave_reader/p_0_in[559]                                                |                                                                        |                3 |             12 |
|  clk_IBUF_BUFG            | rehaan/wave_reader/p_0_in[671]                                                |                                                                        |                1 |             12 |
|  clk_IBUF_BUFG            | rehaan/wave_reader/p_0_in[735]                                                |                                                                        |                1 |             12 |
|  clk_IBUF_BUFG            | rehaan/wave_reader/p_0_in[1487]                                               |                                                                        |                1 |             12 |
|  clk_IBUF_BUFG            | rehaan/wave_reader/p_0_in[1231]                                               |                                                                        |                1 |             12 |
|  clk_IBUF_BUFG            | rehaan/wave_reader/p_0_in[1375]                                               |                                                                        |                3 |             12 |
|  clk_IBUF_BUFG            | rehaan/wave_reader/p_0_in[1503]                                               |                                                                        |                1 |             12 |
|  clk_IBUF_BUFG            | rehaan/wave_reader/p_0_in[1519]                                               |                                                                        |                1 |             12 |
|  clk_IBUF_BUFG            | rehaan/wave_reader/p_0_in[1263]                                               |                                                                        |                1 |             12 |
|  clk_IBUF_BUFG            | rehaan/wave_reader/p_0_in[1039]                                               |                                                                        |                2 |             12 |
|  clk_IBUF_BUFG            | rehaan/wave_reader/p_0_in[1247]                                               |                                                                        |                1 |             12 |
|  clk_IBUF_BUFG            | rehaan/wave_reader/p_0_in[1471]                                               |                                                                        |                2 |             12 |
|  clk_IBUF_BUFG            | rehaan/wave_reader/p_0_in[1535]                                               |                                                                        |                2 |             12 |
|  clk_IBUF_BUFG            | rehaan/wave_reader/p_0_in[1087]                                               |                                                                        |                1 |             12 |
|  clk_IBUF_BUFG            | rehaan/wave_reader/p_0_in[1135]                                               |                                                                        |                1 |             12 |
|  clk_IBUF_BUFG            | rehaan/wave_reader/p_0_in[1311]                                               |                                                                        |                3 |             12 |
|  clk_IBUF_BUFG            | rehaan/wave_reader/p_0_in[1183]                                               |                                                                        |                1 |             12 |
|  clk_IBUF_BUFG            | rehaan/wave_reader/p_0_in[1327]                                               |                                                                        |                3 |             12 |
|  clk_IBUF_BUFG            | rehaan/wave_reader/p_0_in[1343]                                               |                                                                        |                2 |             12 |
|  clk_IBUF_BUFG            | rehaan/wave_reader/p_0_in[1071]                                               |                                                                        |                2 |             12 |
|  clk_IBUF_BUFG            | rehaan/wave_reader/p_0_in[1119]                                               |                                                                        |                2 |             12 |
|  clk_IBUF_BUFG            | rehaan/wave_reader/p_0_in[1151]                                               |                                                                        |                1 |             12 |
|  clk_IBUF_BUFG            | rehaan/wave_reader/p_0_in[1055]                                               |                                                                        |                1 |             12 |
|  clk_IBUF_BUFG            | rehaan/wave_reader/p_0_in[1103]                                               |                                                                        |                1 |             12 |
|  clk_IBUF_BUFG            | rehaan/wave_reader/p_0_in[1295]                                               |                                                                        |                2 |             12 |
|  clk_IBUF_BUFG            | rehaan/wave_reader/p_0_in[1167]                                               |                                                                        |                1 |             12 |
|  clk_IBUF_BUFG            | rehaan/wave_reader/p_0_in[1279]                                               |                                                                        |                1 |             12 |
|  clk_IBUF_BUFG            | rehaan/wave_reader/p_0_in[1391]                                               |                                                                        |                2 |             12 |
|  clk_IBUF_BUFG            | rehaan/wave_reader/p_0_in[1215]                                               |                                                                        |                4 |             12 |
|  clk_IBUF_BUFG            | rehaan/wave_reader/p_0_in[1439]                                               |                                                                        |                2 |             12 |
|  clk_IBUF_BUFG            | rehaan/wave_reader/p_0_in[1455]                                               |                                                                        |                3 |             12 |
|  clk_IBUF_BUFG            | rehaan/wave_reader/p_0_in[1407]                                               |                                                                        |                1 |             12 |
|  clk_IBUF_BUFG            | rehaan/wave_reader/p_0_in[1423]                                               |                                                                        |                5 |             12 |
|  clk_IBUF_BUFG            | rehaan/wave_reader/p_0_in[1199]                                               |                                                                        |                1 |             12 |
|  clk_IBUF_BUFG            | rehaan/wave_reader/p_0_in[1359]                                               |                                                                        |                2 |             12 |
|  clk_IBUF_BUFG            | rehaan/wave_reader/p_0_in[1775]                                               |                                                                        |                2 |             12 |
|  clk_IBUF_BUFG            | rehaan/wave_reader/p_0_in[1695]                                               |                                                                        |                1 |             12 |
|  clk_IBUF_BUFG            | rehaan/wave_reader/p_0_in[1823]                                               |                                                                        |                1 |             12 |
|  clk_IBUF_BUFG            | rehaan/wave_reader/p_0_in[1839]                                               |                                                                        |                1 |             12 |
|  clk_IBUF_BUFG            | rehaan/wave_reader/p_0_in[1567]                                               |                                                                        |                3 |             12 |
|  clk_IBUF_BUFG            | rehaan/wave_reader/p_0_in[1663]                                               |                                                                        |                1 |             12 |
|  clk_IBUF_BUFG            | rehaan/wave_reader/p_0_in[1807]                                               |                                                                        |                4 |             12 |
|  clk_IBUF_BUFG            | rehaan/wave_reader/p_0_in[1855]                                               |                                                                        |                3 |             12 |
|  clk_IBUF_BUFG            | rehaan/wave_reader/p_0_in[1871]                                               |                                                                        |                2 |             12 |
|  clk_IBUF_BUFG            | rehaan/wave_reader/p_0_in[1615]                                               |                                                                        |                4 |             12 |
|  clk_IBUF_BUFG            | rehaan/wave_reader/p_0_in[1759]                                               |                                                                        |                1 |             12 |
|  clk_IBUF_BUFG            | rehaan/wave_reader/p_0_in[1647]                                               |                                                                        |                4 |             12 |
|  clk_IBUF_BUFG            | rehaan/wave_reader/p_0_in[1711]                                               |                                                                        |                2 |             12 |
|  clk_IBUF_BUFG            | rehaan/wave_reader/p_0_in[1791]                                               |                                                                        |                3 |             12 |
|  clk_IBUF_BUFG            | rehaan/wave_reader/p_0_in[1887]                                               |                                                                        |                1 |             12 |
|  clk_IBUF_BUFG            | rehaan/wave_reader/p_0_in[1743]                                               |                                                                        |                1 |             12 |
|  clk_IBUF_BUFG            | rehaan/wave_reader/p_0_in[1903]                                               |                                                                        |                1 |             12 |
|  clk_IBUF_BUFG            | rehaan/wave_reader/p_0_in[1727]                                               |                                                                        |                2 |             12 |
|  clk_IBUF_BUFG            | rehaan/wave_reader/p_0_in[1919]                                               |                                                                        |                1 |             12 |
|  clk_IBUF_BUFG            | rehaan/wave_reader/p_0_in[1935]                                               |                                                                        |                1 |             12 |
|  clk_IBUF_BUFG            | rehaan/wave_reader/p_0_in[1679]                                               |                                                                        |                3 |             12 |
|  clk_IBUF_BUFG            | rehaan/wave_reader/p_0_in[1951]                                               |                                                                        |                1 |             12 |
|  clk_IBUF_BUFG            | rehaan/wave_reader/p_0_in[1983]                                               |                                                                        |                1 |             12 |
|  clk_IBUF_BUFG            | rehaan/wave_reader/p_0_in[1551]                                               |                                                                        |                2 |             12 |
|  clk_IBUF_BUFG            | rehaan/wave_reader/p_0_in[2015]                                               |                                                                        |                1 |             12 |
|  clk_IBUF_BUFG            | rehaan/wave_reader/p_0_in[1583]                                               |                                                                        |                2 |             12 |
|  clk_IBUF_BUFG            | rehaan/wave_reader/p_0_in[2031]                                               |                                                                        |                1 |             12 |
|  clk_IBUF_BUFG            | rehaan/wave_reader/p_0_in[2047]                                               |                                                                        |                1 |             12 |
|  clk_IBUF_BUFG            | rehaan/wave_reader/p_0_in[1967]                                               |                                                                        |                3 |             12 |
|  clk_IBUF_BUFG            | rehaan/wave_reader/p_0_in[1599]                                               |                                                                        |                3 |             12 |
|  clk_IBUF_BUFG            | adhavan/fft_data_valid                                                        |                                                                        |                3 |             16 |
|  clk_IBUF_BUFG            | adhavan/FSM_onehot_state[7]_i_1_n_0                                           |                                                                        |                2 |             16 |
|  clk_IBUF_BUFG            | adhavan/m2_rd_addr[7]_i_2_n_0                                                 | adhavan/m2_rd_addr[7]_i_1_n_0                                          |                2 |             16 |
|  sidu/u_cs/count2_reg[11] |                                                                               |                                                                        |                5 |             24 |
| ~sidu/u_cap/CLK           |                                                                               |                                                                        |                5 |             24 |
|  clk_IBUF_BUFG            | sidu/u_peak/cur_max_reg[11]_i_1_n_2                                           | sidu/u_peak/ctr[23]_i_1_n_0                                            |                3 |             24 |
|  clk_IBUF_BUFG            | sidu/u_peak/ctr[23]_i_1_n_0                                                   |                                                                        |                7 |             24 |
|  clk_IBUF_BUFG            |                                                                               | sidu/u_cs/count2_reg[11]                                               |                3 |             24 |
|  clk_IBUF_BUFG            |                                                                               | sidu/u_cs/ctr[12]_i_1_n_0                                              |                3 |             24 |
|  clk_IBUF_BUFG            |                                                                               | sidu/u_scan/ctr[14]_i_1_n_0                                            |                4 |             28 |
|  clk10khz                 | rehaan/fft_reader/current_reg[128][15][0]                                     |                                                                        |                7 |             32 |
|  clk10khz                 | rehaan/fft_reader/current_reg[144][15][0]                                     |                                                                        |                9 |             32 |
|  clk_IBUF_BUFG            |                                                                               | adhavan/timeout_counter[15]_i_1_n_0                                    |                6 |             32 |
|  clk10khz                 | rehaan/fft_reader/current_reg[160][15][0]                                     |                                                                        |               10 |             32 |
|  clk10khz                 | rehaan/fft_reader/current_reg[16][15][0]                                      |                                                                        |                7 |             32 |
|  clk10khz                 | rehaan/fft_reader/current_reg[176][15][0]                                     |                                                                        |                7 |             32 |
|  clk10khz                 | rehaan/fft_reader/current_reg[192][15][0]                                     |                                                                        |               10 |             32 |
|  clk10khz                 | rehaan/fft_reader/current_reg[208][15][0]                                     |                                                                        |                8 |             32 |
|  clk10khz                 | rehaan/fft_reader/current_reg[224][15][0]                                     |                                                                        |                8 |             32 |
|  clk10khz                 | rehaan/fft_reader/current_reg[240][15]_0[0]                                   |                                                                        |                8 |             32 |
|  clk10khz                 | rehaan/fft_reader/current_reg[48][15][0]                                      |                                                                        |                8 |             32 |
|  clk10khz                 | rehaan/fft_reader/current_reg[64][15][0]                                      |                                                                        |                7 |             32 |
|  clk10khz                 | rehaan/fft_reader/current_reg[80][15][0]                                      |                                                                        |               10 |             32 |
|  clk10khz                 | rehaan/fft_reader/current_reg[96][15][0]                                      |                                                                        |                6 |             32 |
|  clk_IBUF_BUFG            | rehaan/fft_reader/p_0_in[3087]                                                |                                                                        |                7 |             32 |
| ~clk6p25mhz               |                                                                               | rehaan/oledA/frame_counter[16]_i_1_n_0                                 |                4 |             32 |
| ~clk6p25mhz               |                                                                               | rehaan/oledB/frame_counter[16]_i_1__0_n_0                              |                4 |             32 |
|  clk_IBUF_BUFG            | manu/u_ramp_r/p_0_in                                                          |                                                                        |                5 |             32 |
|  clk_IBUF_BUFG            | manu/u_ramp_l/p_0_in                                                          |                                                                        |                5 |             32 |
|  clk_IBUF_BUFG            | rehaan/fft_reader/p_0_in[15]                                                  |                                                                        |                6 |             32 |
|  clk_IBUF_BUFG            | rehaan/fft_reader/p_0_in[783]                                                 |                                                                        |                8 |             32 |
|  clk_IBUF_BUFG            | rehaan/fft_reader/p_0_in[1807]                                                |                                                                        |                6 |             32 |
|  clk_IBUF_BUFG            | rehaan/fft_reader/p_0_in[2575]                                                |                                                                        |                8 |             32 |
|  clk_IBUF_BUFG            | rehaan/fft_reader/p_0_in[3599]                                                |                                                                        |                6 |             32 |
|  clk_IBUF_BUFG            | rehaan/fft_reader/p_0_in[527]                                                 |                                                                        |                5 |             32 |
|  clk_IBUF_BUFG            | rehaan/fft_reader/p_0_in[1551]                                                |                                                                        |                9 |             32 |
|  clk_IBUF_BUFG            | rehaan/fft_reader/p_0_in[3855]                                                |                                                                        |               10 |             32 |
|  clk_IBUF_BUFG            | rehaan/fft_reader/p_0_in[2831]                                                |                                                                        |                7 |             32 |
|  clk_IBUF_BUFG            | rehaan/fft_reader/p_0_in[2063]                                                |                                                                        |                8 |             32 |
|  clk_IBUF_BUFG            | rehaan/fft_reader/p_0_in[2319]                                                |                                                                        |               10 |             32 |
|  clk_IBUF_BUFG            | rehaan/fft_reader/p_0_in[271]                                                 |                                                                        |                4 |             32 |
|  clk_IBUF_BUFG            | rehaan/fft_reader/p_0_in[1295]                                                |                                                                        |                6 |             32 |
|  clk_IBUF_BUFG            | rehaan/fft_reader/p_0_in[1039]                                                |                                                                        |                9 |             32 |
|  clk_IBUF_BUFG            | rehaan/fft_reader/p_0_in[3343]                                                |                                                                        |                8 |             32 |
|  clk10khz                 | rehaan/fft_reader/current_reg[32][15][0]                                      |                                                                        |               11 |             32 |
|  clk10khz                 | rehaan/fft_reader/E[0]                                                        |                                                                        |                9 |             32 |
|  clk10khz                 | rehaan/fft_reader/current_reg[112][15][0]                                     |                                                                        |                7 |             32 |
|  clk_IBUF_BUFG            | sidu/u_cs/E[0]                                                                |                                                                        |                3 |             40 |
| ~clk6p25mhz               | rehaan/oledA/delay[0]_i_1_n_0                                                 |                                                                        |                5 |             40 |
| ~clk6p25mhz               | rehaan/oledB/delay[0]_i_1__0_n_0                                              |                                                                        |                5 |             40 |
|  clk_IBUF_BUFG            | manu/g_fifo.u_bridge/u_fifo/xpm_fifo_base_inst/rdpp1_inst/E[0]                | manu/g_fifo.u_bridge/u_fifo/xpm_fifo_base_inst/xpm_fifo_rst_inst/Q[0]  |                6 |             42 |
|  clk_IBUF_BUFG            | manu/g_fifo.u_bridge/u_fifo/xpm_fifo_base_inst/xpm_fifo_rst_inst/ram_wr_en_pf | manu/g_fifo.u_bridge/u_fifo/xpm_fifo_base_inst/xpm_fifo_rst_inst/Q[0]  |                6 |             42 |
|  clk_IBUF_BUFG            | adhavan/sample_buffer_reg_0_63_0_2_i_1_n_0                                    |                                                                        |                6 |             44 |
|  clk_IBUF_BUFG            | adhavan/sample_buffer_reg_128_191_0_2_i_1_n_0                                 |                                                                        |                6 |             44 |
|  clk_IBUF_BUFG            | adhavan/sample_buffer_reg_192_255_0_2_i_1_n_0                                 |                                                                        |                6 |             44 |
|  clk_IBUF_BUFG            | adhavan/sample_buffer_reg_64_127_0_2_i_1_n_0                                  |                                                                        |                6 |             44 |
|  clk_IBUF_BUFG            |                                                                               | sidu/u_peak/ctr[23]_i_1_n_0                                            |                6 |             46 |
|  clk_IBUF_BUFG            | manu/u_dc_l/sample_valid_out                                                  |                                                                        |                5 |             56 |
|  clk_IBUF_BUFG            |                                                                               | manu/u_da2/u_nco/clear                                                 |                8 |             64 |
|  clk_IBUF_BUFG            | manu/g_fifo.u_bridge/rd_en_q                                                  |                                                                        |               11 |             64 |
|  clk_IBUF_BUFG            | manu/g_fifo.u_bridge/sample_l_16[15]_i_1_n_0                                  |                                                                        |               11 |             64 |
| ~clk6p25mhz               | rehaan/oledA/FSM_onehot_state[31]_i_1_n_0                                     |                                                                        |                8 |             64 |
| ~clk6p25mhz               | rehaan/oledB/FSM_onehot_state[31]_i_1__0_n_0                                  |                                                                        |                9 |             64 |
|  clk_IBUF_BUFG            | adhavan/wave_data_valid                                                       |                                                                        |               13 |             72 |
|  clk_IBUF_BUFG            | manu/u_da2/u_spi/bit_cnt                                                      |                                                                        |               17 |             74 |
|  clk_IBUF_BUFG            |                                                                               |                                                                        |               32 |             90 |
| ~clk6p25mhz               |                                                                               | rehaan/oledA/spi_word[39]_i_1_n_0                                      |               18 |             90 |
| ~clk6p25mhz               |                                                                               | rehaan/oledB/spi_word[39]_i_1__0_n_0                                   |               19 |             90 |
|  clk_IBUF_BUFG            |                                                                               | rehaan/clk1/clear                                                      |               16 |            128 |
|  clk_IBUF_BUFG            |                                                                               | rehaan/clk2/count0_carry__4_n_2                                        |               16 |            128 |
|  clk_IBUF_BUFG            |                                                                               | rehaan/disp_ctrl/clk1/clear                                            |               16 |            128 |
|  clk_IBUF_BUFG            | manu/g_fifo.u_bridge/sample_valid                                             |                                                                        |               29 |            192 |
|  disp_ctrl/clk30hz        |                                                                               |                                                                        |              521 |           3264 |
+---------------------------+-------------------------------------------------------------------------------+------------------------------------------------------------------------+------------------+----------------+


